src/components/Sidebar.tsx(224,50): error TS18046: 'components' is of type 'unknown'.
